src/pages/admin/Dashboard.tsx(16,10): error TS2451: Cannot redeclare block-scoped variable 'isAssembliesOpen'.
src/pages/admin/Dashboard.tsx(16,28): error TS2451: Cannot redeclare block-scoped variable 'setIsAssembliesOpen'.
src/pages/admin/Dashboard.tsx(17,10): error TS2451: Cannot redeclare block-scoped variable 'isAssembliesOpen'.
src/pages/admin/Dashboard.tsx(17,28): error TS2451: Cannot redeclare block-scoped variable 'setIsAssembliesOpen'.
